Dupond Jean
rue judong 5
4000 Liege
Date de naissance: 06/06/1945