Saperlipopette Clarisse
rue de la motte 502A
1000 Bruxelles
Date de naissance: 12/09/1999
